// Jest Snapshot v1, https://goo.gl/fbAQLP

exports[`Home Page Component Render App Component 1`] = `ShallowWrapper {}`;
